// Jest Snapshot v1, https://goo.gl/fbAQLP

exports[`v constant number renderer v(false) 1`] = `"_valueId === false"`;

exports[`v constant number renderer v(false) 2`] = `"_valueId !== false"`;

exports[`v constant number renderer v(false) 3`] = `"if (_valueId === false) return true;"`;

exports[`v constant number renderer v(false) 4`] = `"if (_valueId !== false) return false;"`;

exports[`v constant number renderer v(true) 1`] = `"_valueId === true"`;

exports[`v constant number renderer v(true) 2`] = `"_valueId !== true"`;

exports[`v constant number renderer v(true) 3`] = `"if (_valueId === true) return true;"`;

exports[`v constant number renderer v(true) 4`] = `"if (_valueId !== true) return false;"`;
