// Jest Snapshot v1, https://goo.gl/fbAQLP

exports[`simple methods v.boolean 1`] = `"typeof _valueId === 'boolean'"`;

exports[`simple methods v.boolean 2`] = `"typeof _valueId !== 'boolean'"`;

exports[`simple methods v.boolean 3`] = `"if (typeof _valueId === 'boolean') return true;"`;

exports[`simple methods v.boolean 4`] = `"if (typeof _valueId !== 'boolean') return false;"`;

exports[`simple methods v.finite 1`] = `"Number.isFinite(_valueId)"`;

exports[`simple methods v.finite 2`] = `"!Number.isFinite(_valueId)"`;

exports[`simple methods v.finite 3`] = `"if (Number.isFinite(_valueId)) return true;"`;

exports[`simple methods v.finite 4`] = `"if (!Number.isFinite(_valueId)) return false;"`;

exports[`simple methods v.function 1`] = `"typeof _valueId === 'function'"`;

exports[`simple methods v.function 2`] = `"typeof _valueId !== 'function'"`;

exports[`simple methods v.function 3`] = `"if (typeof _valueId === 'function') return true;"`;

exports[`simple methods v.function 4`] = `"if (typeof _valueId !== 'function') return false;"`;

exports[`simple methods v.negative 1`] = `"_valueId < 0"`;

exports[`simple methods v.negative 2`] = `"!(_valueId < 0)"`;

exports[`simple methods v.negative 3`] = `"if (_valueId < 0) return true;"`;

exports[`simple methods v.negative 4`] = `"if (!(_valueId < 0)) return false;"`;

exports[`simple methods v.number 1`] = `"typeof _valueId === 'number'"`;

exports[`simple methods v.number 2`] = `"typeof _valueId !== 'number'"`;

exports[`simple methods v.number 3`] = `"if (typeof _valueId === 'number') return true;"`;

exports[`simple methods v.number 4`] = `"if (typeof _valueId !== 'number') return false;"`;

exports[`simple methods v.positive 1`] = `"_valueId > 0"`;

exports[`simple methods v.positive 2`] = `"!(_valueId > 0)"`;

exports[`simple methods v.positive 3`] = `"if (_valueId > 0) return true;"`;

exports[`simple methods v.positive 4`] = `"if (!(_valueId > 0)) return false;"`;

exports[`simple methods v.safeInteger 1`] = `"Number.isSafeInteger(_valueId)"`;

exports[`simple methods v.safeInteger 2`] = `"!Number.isSafeInteger(_valueId)"`;

exports[`simple methods v.safeInteger 3`] = `"if (Number.isSafeInteger(_valueId)) return true;"`;

exports[`simple methods v.safeInteger 4`] = `"if (!Number.isSafeInteger(_valueId)) return false;"`;

exports[`simple methods v.string 1`] = `"typeof _valueId === 'string'"`;

exports[`simple methods v.string 2`] = `"typeof _valueId !== 'string'"`;

exports[`simple methods v.string 3`] = `"if (typeof _valueId === 'string') return true;"`;

exports[`simple methods v.string 4`] = `"if (typeof _valueId !== 'string') return false;"`;

exports[`simple methods v.symbol 1`] = `"typeof _valueId === 'symbol'"`;

exports[`simple methods v.symbol 2`] = `"typeof _valueId !== 'symbol'"`;

exports[`simple methods v.symbol 3`] = `"if (typeof _valueId === 'symbol') return true;"`;

exports[`simple methods v.symbol 4`] = `"if (typeof _valueId !== 'symbol') return false;"`;
