// Jest Snapshot v1, https://goo.gl/fbAQLP

exports[`variants 10. v(['true','false']) 1`] = `
Object {
  "2": "function validator(value) {
  if (value == null) return false
  if (value.a !== 1) return false
  validator.keys = Object.keys(value)
  for (validator.i = 0; validator.i < validator.keys.length; validator.i++) {
    validator.key = validator.keys[validator.i]
    if (validator.omitkeys[validator.key] === true) continue
    validator.elem = value[validator.key]
    if (validator.elem !== 1) return false
  }
  return true
}",
  "2.elem": undefined,
  "2.explanations": Array [],
  "2.i": 0,
  "2.key": undefined,
  "2.keys": Array [],
  "2.omitkeys": Object {
    "a": true,
  },
  "2.pure": true,
  "_": "function validator(value) {
  if (value === \\"true\\") return true;
  if (value === \\"false\\") return true;
  if (validator[2](value)) return true;
  return false
}",
  "explanations": Array [],
  "pure": true,
}
`;
